// Jest Snapshot v1, https://goo.gl/fbAQLP

exports[`renders homepage unchanged 1`] = `
<div>
  <div
    class="container"
  >
    <main>
      <div
        class="profile-button-container"
      >
        <button
          class="profile-button"
        >
          <div
            class="profile-button-icon-container"
          >
            <svg
              aria-hidden="true"
              class="svg-inline--fa fa-bars icon menu"
              data-icon="bars"
              data-prefix="fas"
              focusable="false"
              role="img"
              viewBox="0 0 448 512"
              xmlns="http://www.w3.org/2000/svg"
            >
              <path
                d="M0 96C0 78.3 14.3 64 32 64H416c17.7 0 32 14.3 32 32s-14.3 32-32 32H32C14.3 128 0 113.7 0 96zM0 256c0-17.7 14.3-32 32-32H416c17.7 0 32 14.3 32 32s-14.3 32-32 32H32c-17.7 0-32-14.3-32-32zM448 416c0 17.7-14.3 32-32 32H32c-17.7 0-32-14.3-32-32s14.3-32 32-32H416c17.7 0 32 14.3 32 32z"
                fill="currentColor"
              />
            </svg>
            <svg
              aria-hidden="true"
              class="svg-inline--fa fa-circle-user icon profile-picture"
              data-icon="circle-user"
              data-prefix="fas"
              focusable="false"
              role="img"
              viewBox="0 0 512 512"
              xmlns="http://www.w3.org/2000/svg"
            >
              <path
                d="M399 384.2C376.9 345.8 335.4 320 288 320H224c-47.4 0-88.9 25.8-111 64.2c35.2 39.2 86.2 63.8 143 63.8s107.8-24.7 143-63.8zM0 256a256 256 0 1 1 512 0A256 256 0 1 1 0 256zm256 16a72 72 0 1 0 0-144 72 72 0 1 0 0 144z"
                fill="currentColor"
              />
            </svg>
          </div>
        </button>
      </div>
      <h1
        class="title"
      >
        Welcome to 
        <a
          href="https://nextjs.org"
        >
          Next.js!
        </a>
      </h1>
      <p
        class="description"
      >
        Get started by editing 
        <code>
          pages/index.js
        </code>
      </p>
      <div
        class="grid"
      >
        <a
          class="card"
          href="https://nextjs.org/docs"
        >
          <h3>
            Documentation →
          </h3>
          <p>
            Find in-depth information about Next.js features and API.
          </p>
        </a>
        <a
          class="card"
          href="https://nextjs.org/learn"
        >
          <h3>
            Learn →
          </h3>
          <p>
            Learn about Next.js in an interactive course with quizzes!
          </p>
        </a>
        <a
          class="card"
          href="https://github.com/vercel/next.js/tree/canary/examples"
        >
          <h3>
            Examples →
          </h3>
          <p>
            Discover and deploy boilerplate example Next.js projects.
          </p>
        </a>
        <a
          class="card"
          href="https://vercel.com/new"
        >
          <h3>
            Deploy →
          </h3>
          <p>
            Instantly deploy your Next.js site to a public URL with Vercel.
          </p>
        </a>
      </div>
    </main>
    <footer
      class="footer"
    >
      <a
        href="https://vercel.com?utm_source=create-next-app&utm_medium=default-template&utm_campaign=create-next-app"
        rel="noopener noreferrer"
        target="_blank"
      >
        Powered by
         
        <span
          class="logo"
        >
          <img
            alt="Vercel Logo"
            data-nimg="1"
            decoding="async"
            height="16"
            loading="lazy"
            src="/vercel.svg"
            style="color: transparent;"
            width="72"
          />
        </span>
      </a>
    </footer>
  </div>
</div>
`;
